// Jest Snapshot v1, https://goo.gl/fbAQLP

exports[`SelectedDaoDetails Should render nothing if no data 1`] = `<div />`;
