// Jest Snapshot v1, https://goo.gl/fbAQLP

exports[`bounty card Should render component 1`] = `
<div>
  <form>
    <div>
      <div
        class=""
      >
        <div>
          <div
            class=""
          >
            Type
          </div>
        </div>
        <div
          class=""
        >
          <div
            class="undefined"
          >
            Bounty
          </div>
        </div>
      </div>
      <div>
        Complete in in 4 days
      </div>
      <div
        class=""
      >
        <div>
          <div
            class=""
          >
            Status
          </div>
        </div>
        <div
          class=""
        >
          <div
            class="undefined"
          >
            <div
              class=""
            >
              Available
            </div>
          </div>
        </div>
      </div>
      <div>
        <div>
          Description
        </div>
        <div>
          DIY
        </div>
        
      </div>
      <div>
        <div>
          <div
            class=""
          >
            <svg>
              <use
                href="/_next/undefined"
              />
            </svg>
          </div>
        </div>
        <div
          class=""
        >
          <div
            class=""
          >
            <span>
              TGas
            </span>
          </div>
          <div>
            <label
              class="undefined"
              for="1"
            >
              <input
                class=""
                id="1"
                max="0.3"
                min="0.1"
                name="gas"
                placeholder="0.1"
                step="0.01"
                style="text-align: left; width: 6ch;"
                type="number"
              />
            </label>
          </div>
        </div>
        <div
          class=""
        >
          <div>
            <div
              class=""
            >
              Claims
            </div>
          </div>
          <div
            class=""
          >
            <div
              class=""
            >
              <div>
                <span>
                  1
                </span>
                <span>
                  /
                  1
                </span>
              </div>
            </div>
          </div>
        </div>
      </div>
    </div>
    <div>
      <div
        class=""
      >
        <div>
          <div
            class=""
          >
            Bond
          </div>
          <div>
            <svg
              class=""
            >
              <use
                href="/_next/undefined"
              />
            </svg>
          </div>
        </div>
        <div
          class=""
        >
          <div
            class=""
          >
            <div>
              <div>
                0.1
              </div>
              <div>
                NEAR
              </div>
            </div>
          </div>
        </div>
      </div>
      <div
        class=""
      >
        <div>
          <div
            class=""
          >
            Grace
          </div>
          <div>
            <svg
              class=""
            >
              <use
                href="/_next/undefined"
              />
            </svg>
          </div>
        </div>
        <div
          class=""
        >
          <div
            class=""
          >
            <div>
              <div>
                7
              </div>
              <div>
                days
              </div>
            </div>
          </div>
        </div>
      </div>
      <div>
        <button
          class=""
          type="submit"
        >
          Claim
        </button>
      </div>
    </div>
  </form>
</div>
`;
