// Jest Snapshot v1, https://goo.gl/fbAQLP

exports[`Scroll list Should render component 1`] = `
<div>
  <div>
    <div>
      1
    </div>
  </div>
</div>
`;
