// Jest Snapshot v1, https://goo.gl/fbAQLP

exports[`search results dropdown Should render component 1`] = `
<div>
  <div
    class="root"
    style="width: 100px;"
  />
</div>
`;
