// Jest Snapshot v1, https://goo.gl/fbAQLP

exports[`Proposal Card Should render component 1`] = `
<div>
  <div
    class="root"
    data-testid="proposal-card-root"
  >
    <div
      class="proposalCell"
    >
      <div
        class="root"
      >
        <div
          class="block"
        >
          <div
            class="label"
          >
            proposalCard.proposalTypeVote
          </div>
        </div>
        <div
          class="block"
        >
          <div
            class="valueLarge"
          >
            <div
              class="proposalType"
            >
              viewProposalCard.proposalVariant.poll
              <div
                class="proposalWalletLink"
              >
                <div
                  class="root"
                  role="button"
                  tabindex="0"
                >
                  <span
                    class="iconWrapper"
                  >
                    <div>
                      buttonExternal
                    </div>
                  </span>
                </div>
              </div>
            </div>
          </div>
        </div>
      </div>
    </div>
    <div
      class="countdownCell"
    >
      <span
        class="errorLabel"
      >
        Time expired
      </span>
    </div>
    <div
      class="proposerCell"
    >
      <div
        class="root"
      >
        <div
          class="block"
        >
          <div
            class="label"
          >
            proposalCard.proposalOwner
          </div>
        </div>
        <div
          class="block"
        >
          <div
            class="valueSmall"
          >
            proposer
          </div>
        </div>
      </div>
    </div>
    <div
      class="descriptionCell"
    >
      <div
        class="root fullWidth"
      >
        <div
          class="label"
        >
          <span>
            proposalCard.proposalDescription
            Â 
          </span>
        </div>
        <div
          class="proposalDescription"
        >
          description
        </div>
      </div>
      <div
        class="proposalExternalLink"
      >
        <a
          class="caption1 root"
          href="http://link"
          rel="noreferrer"
          target="_blank"
        >
          <div>
            buttonExternal
          </div>
          <span
            class="body2 text"
          >
            link
          </span>
        </a>
      </div>
    </div>
    <div
      class="contentCell"
    >
      <div>
        Content
      </div>
    </div>
    <div
      class="voteControlCell"
      role="button"
      tabindex="-1"
    >
      <form
        class="root"
      >
        <span
          class="item"
        >
          <button
            class="iconButton large icon"
            disabled=""
            type="submit"
          >
            <div>
              votingYes
            </div>
          </button>
          <span
            class="value title3"
          >
            0
          </span>
        </span>
        <span
          class="item"
        >
          <button
            class="iconButton large icon"
            disabled=""
            type="submit"
          >
            <div>
              votingNo
            </div>
          </button>
          <span
            class="value title3"
          >
            0
          </span>
        </span>
        <span
          class="item"
        >
          <button
            class="iconButton large icon"
            type="button"
          >
            <div>
              chat
            </div>
          </button>
          <span
            class="value title3"
          >
            0
          </span>
        </span>
      </form>
    </div>
    <div
      class="actionBar"
    >
      <div
        class="root"
      >
        <div
          class="root"
        >
          <button
            class="iconButton small rootIcon"
            type="button"
          >
            <div>
              reply
            </div>
          </button>
        </div>
      </div>
    </div>
  </div>
</div>
`;
