// Jest Snapshot v1, https://goo.gl/fbAQLP

exports[`ShowMoreLinks Should render nothing 1`] = `<div />`;
