// Jest Snapshot v1, https://goo.gl/fbAQLP

exports[`CommentActions Should render nothing 1`] = `<div />`;
