// Jest Snapshot v1, https://goo.gl/fbAQLP

exports[`NewComment Should render nothing if no account 1`] = `<div />`;
