// Jest Snapshot v1, https://goo.gl/fbAQLP

exports[`Stat Card Should render component 1`] = `
<div>
  <button
    class="btn transparent sizeBlock root clickable selected"
    data-testid="stat-card"
    type="button"
  />
</div>
`;
